Microchip MPLAB XC8 Compiler V1.41 ()

Linker command line:

-W-3 --edf=C:\Program Files (x86)\Microchip\xc8\v1.41\dat\en_msgs.txt -cs \
  -h+dist/default/production\BirButonBirLedOdev.production.sym \
  --cmf=dist/default/production\BirButonBirLedOdev.production.cmf -z \
  -Q16F84A -oC:\Users\BATUHA~1\AppData\Local\Temp\s71c.2 \
  -Mdist/default/production/BirButonBirLedOdev.production.map -E1 -ver=XC8 \
  -ASTACK=0Fh-04dh -pstack=STACK -ACODE=00h-03FFh -ASTRCODE=00h-03FFh \
  -ASTRING=00h-0FFhx4 -ACONST=00h-0FFhx4 -AENTRY=00h-0FFhx4 \
  -ABANK0=0Ch-04Dh -ARAM=0Ch-04Dh -AABS1=0Ch-04Fh -ACOMMON=04Eh-04Fh \
  -ASFR0=00h-0Bh -ASFR1=080h-0CDh -preset_vec=00h,intentry,init,end_init \
  -ppowerup=CODE -pcinit=CODE -pfunctab=CODE -ACONFIG=02007h-02007h \
  -pconfig=CONFIG -DCONFIG=2 -AIDLOC=02000h-02003h -pidloc=IDLOC -DIDLOC=2 \
  -AEEDATA=00h-03Fh/02100h -peeprom_data=EEDATA -DEEDATA=2 -DCODE=2 \
  -DSTRCODE=2 -DSTRING=2 -DCONST=2 -DENTRY=2 -k \
  C:\Users\BATUHA~1\AppData\Local\Temp\s71c.obj \
  dist/default/production\BirButonBirLedOdev.production.obj 

Object code version is 3.11

Machine type is 16F84A



                Name                               Link     Load   Length Selector   Space Scale
C:\Users\BATUHA~1\AppData\Local\Temp\s71c.obj
                end_init                              0        0        1        0       0
dist/default/production\BirButonBirLedOdev.production.obj
                cinit                               3FD      3FD        3      7FA       0
                maintext                            3D2      3D2       2B      7A4       0
                cstackBANK0                           E        E        1        C       1
                bitbssBANK0                          60        C        2        C       1     8
                bitnvBANK0                           68        D        1        C       1     8

TOTAL           Name                               Link     Load   Length     Space
        CLASS   STACK          

        CLASS   CODE           
                end_init                              0        0        1         0
                cinit                               3FD      3FD        3         0
                maintext                            3D2      3D2       2B         0

        CLASS   STRCODE        

        CLASS   STRING         

        CLASS   CONST          

        CLASS   ENTRY          

        CLASS   BANK0          
                cstackBANK0                           E        E        1         1
                bitbssBANK0                          60        C        2         1
                bitnvBANK0                           68        D        1         1

        CLASS   RAM            

        CLASS   ABS1           
                abs_s1                               4E       4E        2         1

        CLASS   COMMON         

        CLASS   SFR0           

        CLASS   SFR1           

        CLASS   CONFIG         

        CLASS   IDLOC          

        CLASS   EEDATA         

        CLASS   BANK1          



SEGMENTS        Name                           Load    Length   Top    Selector   Space  Class     Delta

                reset_vec                      000000  000001  000001         0       0  CODE        2
                bitbssBANK0                    00000C  000003  00000F         C       1  BANK0       1
                maintext                       0003D2  00002B  0003FD       7A4       0  CODE        2
                cinit                          0003FD  000003  000400       7FA       0  CODE        2


UNUSED ADDRESS RANGES

        Name                Unused          Largest block    Delta
        BANK0            00F-04D            3F           1
        CODE             001-3D1           3D1           2
        CONFIG           2007-2007             1           2
        CONST            001-3D1           100           2
        EEDATA           2100-213F            40           2
        ENTRY            001-3D1           100           2
        IDLOC            2000-2003             4           2
        RAM              00F-04D            3F           1
        SFR0             000-00B             C           1
        SFR1             080-0CD            4E           1
        STACK            00F-04D            3F           1
        STRCODE          001-3D1           3D1           2
        STRING           001-3D1           100           2

                                  Symbol Table

_RB1                     (abs)       031
_RB4                     (abs)       034
_TRISB1                  (abs)       431
_TRISB4                  (abs)       434
__Habs1                  abs1        000
__Hbank0                 bank0       000
__Hbank1                 bank1       000
__HbitbssBANK0           bitbssBANK0 000
__HbitnvBANK0            bitnvBANK0  000
__Hcinit                 cinit       400
__Hclrtext               clrtext     000
__Hcode                  code        000
__Hcommon                common      000
__Hconfig                config      000
__HcstackBANK0           cstackBANK0 000
__Heeprom_data           eeprom_data 000
__Hend_init              end_init    001
__Hfunctab               functab     000
__Hidloc                 idloc       000
__Hinit                  init        000
__Hintentry              intentry    000
__Hmaintext              maintext    000
__Hpowerup               powerup     000
__Hram                   ram         000
__Hreset_vec             reset_vec   000
__Hsfr0                  sfr0        000
__Hsfr1                  sfr1        000
__Hspace_0               (abs)       400
__Hspace_1               (abs)       069
__Hspace_2               (abs)       000
__Hspace_3               (abs)       000
__Hstack                 stack       000
__Hstrings               strings     000
__Htext                  text        000
__Labs1                  abs1        000
__Lbank0                 bank0       000
__Lbank1                 bank1       000
__LbitbssBANK0           bitbssBANK0 000
__LbitnvBANK0            bitnvBANK0  000
__Lcinit                 cinit       3FD
__Lclrtext               clrtext     000
__Lcode                  code        000
__Lcommon                common      000
__Lconfig                config      000
__LcstackBANK0           cstackBANK0 000
__Leeprom_data           eeprom_data 000
__Lend_init              end_init    000
__Lfunctab               functab     000
__Lidloc                 idloc       000
__Linit                  init        000
__Lintentry              intentry    000
__Lmaintext              maintext    000
__Lpowerup               powerup     000
__Lram                   ram         000
__Lreset_vec             reset_vec   000
__Lsfr0                  sfr0        000
__Lsfr1                  sfr1        000
__Lspace_0               (abs)       000
__Lspace_1               (abs)       000
__Lspace_2               (abs)       000
__Lspace_3               (abs)       000
__Lstack                 stack       000
__Lstrings               strings     000
__Ltext                  text        000
__S0                     (abs)       400
__S1                     (abs)       00F
__S2                     (abs)       000
__S3                     (abs)       000
___int_sp                stack       000
___latbits               (abs)       000
___sp                    stack       000
__end_of__initialization cinit       3FE
__end_of_main            maintext    3FD
__initialization         cinit       3FD
__pbitbssBANK0           bitbssBANK0 060
__pbitnvBANK0            bitnvBANK0  068
__pcstackBANK0           cstackBANK0 00E
__pmaintext              maintext    3D2
__size_of_main           (abs)       000
_b_onceki                bitbssBANK0 061
_b_simdiki               bitnvBANK0  068
_isLedOn                 bitbssBANK0 060
_main                    maintext    3D2
btemp                    (abs)       04E
end_of_initialization    cinit       3FE
intlevel0                functab     000
intlevel1                functab     000
intlevel2                functab     000
intlevel3                functab     000
intlevel4                functab     000
intlevel5                functab     000
reset_vec                reset_vec   000
stackhi                  (abs)       000
stacklo                  (abs)       000
start                    init        000
start_initialization     cinit       3FD
wtemp0                   (abs)       04E


FUNCTION INFORMATION:

 *************** function _main *****************
 Defined at:
		line 18 in file "newmain.c"
 Parameters:    Size  Location     Type
		None
 Auto vars:     Size  Location     Type
		None
 Return value:  Size  Location     Type
                  1    wreg      void 
 Registers used:
		wreg
 Tracked objects:
		On entry : 
		On exit  : 
		Unchanged: 
 Data sizes:     COMMON   BANK0
      Params:         0       0
      Locals:         0       0
      Temps:          0       1
      Totals:         0       1
Total ram usage:        1 bytes
 This function calls:
		Nothing
 This function is called by:
		Startup code after reset
 This function uses a non-reentrant model



MODULE INFORMATION

Module		Function		Class		Link	Load	Size
newmain.c
		_main          		CODE           	03D2	0000	44

newmain.c estimated size: 44

shared
		__initialization		CODE           	03FD	0000	2

shared estimated size: 2

